// Jest Snapshot v1, https://goo.gl/fbAQLP

exports[`Display App.js renders correctly 1`] = `
<div
  className="Display"
>
  <h1
    className="Result"
  >
    0
  </h1>
</div>
`;

exports[`Display ButtonPanel.js renders correctly 1`] = `
<div
  className="groupContainer"
>
  <div>
    <button
      className="button"
      onClick={[Function]}
      style={
        Object {
          "backgroundColor": "white",
          "width": "25%",
        }
      }
      type="button"
    >
      AC
    </button>
    <button
      className="button"
      onClick={[Function]}
      style={
        Object {
          "backgroundColor": "white",
          "width": "25%",
        }
      }
      type="button"
    >
      +/-
    </button>
    <button
      className="button"
      onClick={[Function]}
      style={
        Object {
          "backgroundColor": "white",
          "width": "25%",
        }
      }
      type="button"
    >
      %
    </button>
    <button
      className="button"
      onClick={[Function]}
      style={
        Object {
          "backgroundColor": "orange",
          "width": "25%",
        }
      }
      type="button"
    >
      /
    </button>
  </div>
  <div>
    <button
      className="button"
      onClick={[Function]}
      style={
        Object {
          "backgroundColor": "white",
          "width": "25%",
        }
      }
      type="button"
    >
      7
    </button>
    <button
      className="button"
      onClick={[Function]}
      style={
        Object {
          "backgroundColor": "white",
          "width": "25%",
        }
      }
      type="button"
    >
      8
    </button>
    <button
      className="button"
      onClick={[Function]}
      style={
        Object {
          "backgroundColor": "white",
          "width": "25%",
        }
      }
      type="button"
    >
      9
    </button>
    <button
      className="button"
      onClick={[Function]}
      style={
        Object {
          "backgroundColor": "orange",
          "width": "25%",
        }
      }
      type="button"
    >
      X
    </button>
  </div>
  <div>
    <button
      className="button"
      onClick={[Function]}
      style={
        Object {
          "backgroundColor": "white",
          "width": "25%",
        }
      }
      type="button"
    >
      4
    </button>
    <button
      className="button"
      onClick={[Function]}
      style={
        Object {
          "backgroundColor": "white",
          "width": "25%",
        }
      }
      type="button"
    >
      5
    </button>
    <button
      className="button"
      onClick={[Function]}
      style={
        Object {
          "backgroundColor": "white",
          "width": "25%",
        }
      }
      type="button"
    >
      6
    </button>
    <button
      className="button"
      onClick={[Function]}
      style={
        Object {
          "backgroundColor": "orange",
          "width": "25%",
        }
      }
      type="button"
    >
      -
    </button>
  </div>
  <div>
    <button
      className="button"
      onClick={[Function]}
      style={
        Object {
          "backgroundColor": "white",
          "width": "25%",
        }
      }
      type="button"
    >
      1
    </button>
    <button
      className="button"
      onClick={[Function]}
      style={
        Object {
          "backgroundColor": "white",
          "width": "25%",
        }
      }
      type="button"
    >
      2
    </button>
    <button
      className="button"
      onClick={[Function]}
      style={
        Object {
          "backgroundColor": "white",
          "width": "25%",
        }
      }
      type="button"
    >
      3
    </button>
    <button
      className="button"
      onClick={[Function]}
      style={
        Object {
          "backgroundColor": "orange",
          "width": "25%",
        }
      }
      type="button"
    >
      +
    </button>
  </div>
  <div>
    <button
      className="button"
      onClick={[Function]}
      style={
        Object {
          "backgroundColor": "white",
          "width": "50%",
        }
      }
      type="button"
    >
      0
    </button>
    <button
      className="button"
      onClick={[Function]}
      style={
        Object {
          "backgroundColor": "white",
          "width": "25%",
        }
      }
      type="button"
    >
      .
    </button>
    <button
      className="button"
      onClick={[Function]}
      style={
        Object {
          "backgroundColor": "white",
          "width": "25%",
        }
      }
      type="button"
    >
      =
    </button>
  </div>
</div>
`;

exports[`Display Display.js renders correctly 1`] = `
<div
  className="Display"
>
  <h1
    className="Result"
  >
    0
  </h1>
</div>
`;
