// Jest Snapshot v1, https://goo.gl/fbAQLP

exports[`Display Home page renders correctly 1`] = `
<div>
  <div>
    <h1>
      Home
    </h1>
    <p>
      Here you can do Basic Math.
      

      For those times where you forget that almost all OS come with an integrated Calculator.
    </p>
  </div>
</div>
`;
